python : Traceback (most recent 
call last):
At line:1 char:1
+ python test_electives.py > 
test_output.txt 2>&1; Get-Content 
test_out ...
+ ~~~~~~~~~~~~~~~~~~~~~~~~~~~~~~~~
~~~~~~~~~~~~~~~
    + CategoryInfo          : Not 
   Specified: (Traceback (most r  
  ecent call last)::String) [],   
  RemoteException
    + FullyQualifiedErrorId : Nat 
   iveCommandError
 
  File "C:\Users\navee\.gemini\ant
igravity\scratch\timetable_generat
or\test_electives.py", line 72, 
in <module>
    print("\n  \u2705 Success if 
multiple classes have electives 
at same day/slot!")
  File "C:\Users\navee\AppData\Loc
al\Programs\Python\Python311\Lib\e
ncodings\cp1252.py", line 19, in 
encode
    return codecs.charmap_encode(i
nput,self.errors,encoding_table)[0
]
           ^^^^^^^^^^^^^^^^^^^^^^^
^^^^^^^^^^^^^^^^^^^^^^^^^^^^^^^^
UnicodeEncodeError: 'charmap' 
codec can't encode character 
'\u2705' in position 4: character 
maps to <undefined>
============================================================
TRIGGERING TIMETABLE GENERATION
============================================================
Success: True
Message: Timetable generated with 30 free periods due to teacher constraints
Allocations: 75

============================================================
CHECKING ELECTIVE ALLOCATIONS
============================================================

Total allocations: 75
Elective allocations: 6

Elective slot groups (should show multiple classes at same time):

  Day 0, Slot 5:
    Class 1: Subject 3 -> Teacher 21
    Class 2: Subject 4 -> Teacher 22
    Class 3: Subject 5 -> Teacher 23

  Day 2, Slot 1:
    Class 1: Subject 3 -> Teacher 21
    Class 2: Subject 4 -> Teacher 22
    Class 3: Subject 5 -> Teacher 23
Error: 'charmap' codec can't encode character '\u2705' in position 4: character maps to <undefined>

============================================================
SEMESTER TIMETABLES SUMMARY
============================================================

  AIML2A: 25 filled slots, 2 elective

  AIDS2A: 27 filled slots, 2 elective

  AIDS2B: 23 filled slots, 2 elective

============================================================
DONE
============================================================
